// Jest Snapshot v1, https://goo.gl/fbAQLP

exports[`should render Table Data correctly without errors 1`] = `
<tr
  className="chart-crypto-row"
>
  <td>
    1
  </td>
  <td>
    <Link
      to="/cryptostat/undefined"
    >
      <img
        alt="icon"
        className="mr-2"
        src="url"
      />
      coin
    </Link>
  </td>
  <td>
    $
    54.00
  </td>
  <td
    className="text-success"
  >
    58.00
    %
  </td>
  <td
    className="text-success"
  >
    60.00
    %
  </td>
  <td>
    50,000
  </td>
  <td>
    857
  </td>
  <td>
    $
    87,885
  </td>
</tr>
`;
